// Vitest Snapshot v1, https://vitest.dev/guide/snapshot.html

exports[`Button Component Behaviour > matches the snapshot 1`] = `
<DocumentFragment>
  <button
    class="ant-btn css-dev-only-do-not-override-qgg3xn ant-btn-default bg-[#87CEEB] font-semibold hover:text-black shadow-[4px_4px_0px_0px_rgba(0,0,0,1)] text-[24px] rounded-0 border-2 border-black px-[32px] py-[26px] flex items-center justify-center"
    type="button"
  >
    <span>
      Button example test
    </span>
  </button>
</DocumentFragment>
`;
